Internal ctest changing into directory: /home/bjwl/strata-dev/build-m10
Test project /home/bjwl/strata-dev/build-m10
      Start 10: mmvq_multi_parity
 1/16 Test #10: mmvq_multi_parity ...................   Passed    1.36 sec
      Start 11: iq_multi_parity
 2/16 Test #11: iq_multi_parity .....................   Passed    3.73 sec
      Start 13: gemm_bf16_parity
 3/16 Test #13: gemm_bf16_parity ....................   Passed    4.54 sec
      Start 15: shared_expert_parity
 4/16 Test #15: shared_expert_parity ................   Passed    0.58 sec
      Start 26: router_top10_parity
 5/16 Test #26: router_top10_parity .................   Passed    0.23 sec
      Start 31: qsa_parity
 6/16 Test #31: qsa_parity ..........................   Passed    0.94 sec
      Start 43: cuda_device_selftest
 7/16 Test #43: cuda_device_selftest ................   Passed    0.39 sec
      Start 54: native_expert_parity_q4_K_q5_1
 8/16 Test #54: native_expert_parity_q4_K_q5_1 ......   Passed    0.82 sec
      Start 55: native_expert_parity_q4_K_q8_0
 9/16 Test #55: native_expert_parity_q4_K_q8_0 ......   Passed    0.86 sec
      Start 56: native_expert_parity_q5_K_q8_0
10/16 Test #56: native_expert_parity_q5_K_q8_0 ......   Passed    1.29 sec
      Start 57: native_expert_parity_q8_0_q8_0
11/16 Test #57: native_expert_parity_q8_0_q8_0 ......   Passed    0.46 sec
      Start 58: native_expert_parity_q4_K_q5_0
12/16 Test #58: native_expert_parity_q4_K_q5_0 ......   Passed    1.46 sec
      Start 59: native_expert_parity_q5_0_q8_0
13/16 Test #59: native_expert_parity_q5_0_q8_0 ......   Passed    0.45 sec
      Start 60: native_expert_parity_q5_1_min
14/16 Test #60: native_expert_parity_q5_1_min .......   Passed    0.18 sec
      Start 61: native_expert_parity_bf16_embd
15/16 Test #61: native_expert_parity_bf16_embd ......   Passed    0.19 sec
      Start 62: native_expert_parity_refuses_q6_K
16/16 Test #62: native_expert_parity_refuses_q6_K ...   Passed    0.18 sec

100% tests passed, 0 tests failed out of 16

Total Test time (real) =  17.67 sec
