Internal ctest changing into directory: /home/bjwl/strata-dev/build-m10
Test project /home/bjwl/strata-dev/build-m10
      Start 12: iq_parity_fixtures
 1/11 Test #12: iq_parity_fixtures ...............***Skipped   0.09 sec
      Start 13: iq_parity
 2/11 Test #13: iq_parity ........................***Skipped   0.10 sec
      Start 16: gdn_rec_parity
 3/11 Test #16: gdn_rec_parity ...................   Passed    0.38 sec
      Start 18: native_grouped_parity
 4/11 Test #18: native_grouped_parity ............   Passed    3.21 sec
      Start 20: gr_parity
 5/11 Test #20: gr_parity ........................   Passed    0.35 sec
      Start 21: gdn_parity
 6/11 Test #21: gdn_parity .......................   Passed    0.22 sec
      Start 27: rope_parity
 7/11 Test #27: rope_parity ......................   Passed    0.16 sec
      Start 28: quantize_act_parity
 8/11 Test #28: quantize_act_parity ..............   Passed    0.22 sec
      Start 29: route_window_parity
 9/11 Test #29: route_window_parity ..............   Passed    0.22 sec
      Start 36: qsa_topk_parity
10/11 Test #36: qsa_topk_parity ..................   Passed    1.79 sec
      Start 38: kv_q8_parity
11/11 Test #38: kv_q8_parity .....................   Passed    0.23 sec

100% tests passed, 0 tests failed out of 11

Total Test time (real) =   6.98 sec

The following tests did not run:
	 12 - iq_parity_fixtures (Skipped)
	 13 - iq_parity (Skipped)
